// Jest Snapshot v1, https://goo.gl/fbAQLP

exports[`Icon expect to match latest snapshot 1`] = `
"<Icon icon=\\"add\\" color=\\"dark\\">
  <img alt=\\"\\" src=\\"/assets/icons/add/dark.svg\\" />
</Icon>"
`;
